Component: ARM Compiler 5.06 update 6 (build 750) Tool: armlink [4d35ed]

==============================================================================

Section Cross References

    system_stm32f10x.o(.text) refers to system_stm32f10x.o(.data) for SystemCoreClock
    stm32f10x_adc.o(.text) refers to stm32f10x_rcc.o(.text) for RCC_APB2PeriphResetCmd
    stm32f10x_bkp.o(.text) refers to stm32f10x_rcc.o(.text) for RCC_BackupResetCmd
    stm32f10x_can.o(.text) refers to stm32f10x_rcc.o(.text) for RCC_APB1PeriphResetCmd
    stm32f10x_cec.o(.text) refers to stm32f10x_rcc.o(.text) for RCC_APB1PeriphResetCmd
    stm32f10x_dac.o(.text) refers to stm32f10x_rcc.o(.text) for RCC_APB1PeriphResetCmd
    stm32f10x_gpio.o(.text) refers to stm32f10x_rcc.o(.text) for RCC_APB2PeriphResetCmd
    stm32f10x_i2c.o(.text) refers to stm32f10x_rcc.o(.text) for RCC_APB1PeriphResetCmd
    stm32f10x_pwr.o(.text) refers to stm32f10x_rcc.o(.text) for RCC_APB1PeriphResetCmd
    stm32f10x_rcc.o(.text) refers to stm32f10x_rcc.o(.data) for APBAHBPrescTable
    stm32f10x_spi.o(.text) refers to stm32f10x_rcc.o(.text) for RCC_APB2PeriphResetCmd
    stm32f10x_tim.o(.text) refers to stm32f10x_rcc.o(.text) for RCC_APB2PeriphResetCmd
    stm32f10x_usart.o(.text) refers to stm32f10x_rcc.o(.text) for RCC_APB2PeriphResetCmd
    stm32f10x_wwdg.o(.text) refers to stm32f10x_rcc.o(.text) for RCC_APB1PeriphResetCmd
    startup_stm32f10x_hd.o(RESET) refers to startup_stm32f10x_hd.o(STACK) for __initial_sp
    startup_stm32f10x_hd.o(RESET) refers to startup_stm32f10x_hd.o(.text) for Reset_Handler
    startup_stm32f10x_hd.o(RESET) refers to stm32f10x_it.o(.text) for NMI_Handler
    startup_stm32f10x_hd.o(RESET) refers to port.o(.emb_text) for SVC_Handler
    startup_stm32f10x_hd.o(RESET) refers to bsp_tim.o(.text) for TIM2_IRQHandler
    startup_stm32f10x_hd.o(RESET) refers to bsp_uart.o(.text) for USART1_IRQHandler
    startup_stm32f10x_hd.o(.text) refers to system_stm32f10x.o(.text) for SystemInit
    startup_stm32f10x_hd.o(.text) refers to entry.o(.ARM.Collect$$$$00000000) for __main
    event_groups.o(.text) refers to heap_4.o(.text) for pvPortMalloc
    event_groups.o(.text) refers to list.o(.text) for vListInitialise
    event_groups.o(.text) refers to printfa.o(i.__0printf) for __2printf
    event_groups.o(.text) refers to tasks.o(.text) for vTaskSuspendAll
    event_groups.o(.text) refers to port.o(.text) for vPortEnterCritical
    queue.o(.text) refers to printfa.o(i.__0printf) for __2printf
    queue.o(.text) refers to port.o(.text) for vPortEnterCritical
    queue.o(.text) refers to tasks.o(.text) for xTaskRemoveFromEventList
    queue.o(.text) refers to list.o(.text) for vListInitialise
    queue.o(.text) refers to heap_4.o(.text) for pvPortMalloc
    queue.o(.text) refers to memcpya.o(.text) for __aeabi_memcpy
    queue.o(.text) refers to queue.o(.bss) for xQueueRegistry
    tasks.o(.text) refers to list.o(.text) for vListInitialise
    tasks.o(.text) refers to port.o(.text) for vPortEnterCritical
    tasks.o(.text) refers to printfa.o(i.__0printf) for __2printf
    tasks.o(.text) refers to heap_4.o(.text) for pvPortMalloc
    tasks.o(.text) refers to tasks.o(.bss) for pxReadyTasksLists
    tasks.o(.text) refers to tasks.o(.data) for pxDelayedTaskList
    heap_4.o(.text) refers to tasks.o(.text) for vTaskSuspendAll
    heap_4.o(.text) refers to printfa.o(i.__0printf) for __2printf
    heap_4.o(.text) refers to heap_4.o(.data) for xStart
    heap_4.o(.text) refers to heap_4.o(.bss) for ucHeap
    port.o(.emb_text) refers to tasks.o(.text) for vTaskSwitchContext
    port.o(.emb_text) refers to tasks.o(.data) for pxCurrentTCB
    port.o(.text) refers to printfa.o(i.__0printf) for __2printf
    port.o(.text) refers to port.o(.emb_text) for __asm___6_port_c_39a90d8d__prvStartFirstTask
    port.o(.text) refers to tasks.o(.text) for xTaskIncrementTick
    port.o(.text) refers to port.o(.data) for uxCriticalNesting
    port.o(.text) refers to system_stm32f10x.o(.data) for SystemCoreClock
    main.o(.text) refers to port.o(.text) for vPortEnterCritical
    main.o(.text) refers to tasks.o(.text) for xTaskCreate
    main.o(.text) refers to stm32f10x_iwdg.o(.text) for IWDG_WriteAccessCmd
    main.o(.text) refers to misc.o(.text) for NVIC_PriorityGroupConfig
    main.o(.text) refers to bsp_uart.o(.text) for USART_Configuration
    main.o(.text) refers to bsp_tim.o(.text) for TIMx_Configuration
    main.o(.text) refers to bsp_rtc.o(.text) for RTC_Init
    main.o(.text) refers to main.o(.data) for BDS_Task_Handle
    main.o(.text) refers to bds_proc.o(.text) for BDSTask
    stm32f10x_it.o(.text) refers to tasks.o(.text) for xTaskGetSchedulerState
    stm32f10x_it.o(.text) refers to port.o(.text) for xPortSysTickHandler
    bsp_rtc.o(.text) refers to tasks.o(.text) for vTaskDelay
    bsp_rtc.o(.text) refers to stm32f10x_rcc.o(.text) for RCC_APB1PeriphClockCmd
[...]
    ..\..\Libraries\FWlib\src\stm32f10x_dbgmcu.c 0x00000000   Number         0  stm32f10x_dbgmcu.o ABSOLUTE
    ..\..\Libraries\FWlib\src\stm32f10x_dma.c 0x00000000   Number         0  stm32f10x_dma.o ABSOLUTE
    ..\..\Libraries\FWlib\src\stm32f10x_exti.c 0x00000000   Number         0  stm32f10x_exti.o ABSOLUTE
    ..\..\Libraries\FWlib\src\stm32f10x_flash.c 0x00000000   Number         0  stm32f10x_flash.o ABSOLUTE
    ..\..\Libraries\FWlib\src\stm32f10x_fsmc.c 0x00000000   Number         0  stm32f10x_fsmc.o ABSOLUTE
    ..\..\Libraries\FWlib\src\stm32f10x_gpio.c 0x00000000   Number         0  stm32f10x_gpio.o ABSOLUTE
    ..\..\Libraries\FWlib\src\stm32f10x_i2c.c 0x00000000   Number         0  stm32f10x_i2c.o ABSOLUTE
    ..\..\Libraries\FWlib\src\stm32f10x_iwdg.c 0x00000000   Number         0  stm32f10x_iwdg.o ABSOLUTE
    ..\..\Libraries\FWlib\src\stm32f10x_pwr.c 0x00000000   Number         0  stm32f10x_pwr.o ABSOLUTE
    ..\..\Libraries\FWlib\src\stm32f10x_rcc.c 0x00000000   Number         0  stm32f10x_rcc.o ABSOLUTE
    ..\..\Libraries\FWlib\src\stm32f10x_rtc.c 0x00000000   Number         0  stm32f10x_rtc.o ABSOLUTE
    ..\..\Libraries\FWlib\src\stm32f10x_sdio.c 0x00000000   Number         0  stm32f10x_sdio.o ABSOLUTE
    ..\..\Libraries\FWlib\src\stm32f10x_spi.c 0x00000000   Number         0  stm32f10x_spi.o ABSOLUTE
    ..\..\Libraries\FWlib\src\stm32f10x_tim.c 0x00000000   Number         0  stm32f10x_tim.o ABSOLUTE
    ..\..\Libraries\FWlib\src\stm32f10x_usart.c 0x00000000   Number         0  stm32f10x_usart.o ABSOLUTE
    ..\..\Libraries\FWlib\src\stm32f10x_wwdg.c 0x00000000   Number         0  stm32f10x_wwdg.o ABSOLUTE
    ..\..\User\bsp\bds_proc.c                0x00000000   Number         0  bds_proc.o ABSOLUTE
    ..\..\User\bsp\bsp_app.c                 0x00000000   Number         0  bsp_app.o ABSOLUTE
    ..\..\User\bsp\bsp_eg810m.c              0x00000000   Number         0  bsp_eg810m.o ABSOLUTE
    ..\..\User\bsp\bsp_flash.c               0x00000000   Number         0  bsp_flash.o ABSOLUTE
    ..\..\User\bsp\bsp_rtc.c                 0x00000000   Number         0  bsp_rtc.o ABSOLUTE
    ..\..\User\bsp\bsp_tim.c                 0x00000000   Number         0  bsp_tim.o ABSOLUTE
    ..\..\User\bsp\bsp_uart.c                0x00000000   Number         0  bsp_uart.o ABSOLUTE
    ..\..\User\bsp\loramesh_proc.c           0x00000000   Number         0  loramesh_proc.o ABSOLUTE
    ..\..\User\main.c                        0x00000000   Number         0  main.o ABSOLUTE
    ..\..\User\stm32f10x_it.c                0x00000000   Number         0  stm32f10x_it.o ABSOLUTE
    ..\\..\\FreeRTOS\\port\\RVDS\\ARM_CM3\\port.c 0x00000000   Number         0  port.o ABSOLUTE
    ..\\..\\Libraries\\CMSIS\\core_cm3.c     0x00000000   Number         0  core_cm3.o ABSOLUTE
    cdrcmple.s                               0x00000000   Number         0  cdrcmple.o ABSOLUTE
    dc.s                                     0x00000000   Number         0  dc.o ABSOLUTE
    handlers.s                               0x00000000   Number         0  handlers.o ABSOLUTE
    init.s                                   0x00000000   Number         0  init.o ABSOLUTE
    RESET                                    0x08006000   Section      304  startup_stm32f10x_hd.o(RESET)
    .ARM.Collect$$$$00000000                 0x08006130   Section        0  entry.o(.ARM.Collect$$$$00000000)
    .ARM.Collect$$$$00000001                 0x08006130   Section        4  entry2.o(.ARM.Collect$$$$00000001)
    .ARM.Collect$$$$00000004                 0x08006134   Section        4  entry5.o(.ARM.Collect$$$$00000004)
    .ARM.Collect$$$$00000008                 0x08006138   Section        0  entry7b.o(.ARM.Collect$$$$00000008)
    .ARM.Collect$$$$0000000A                 0x08006138   Section        0  entry8b.o(.ARM.Collect$$$$0000000A)
    .ARM.Collect$$$$0000000B                 0x08006138   Section        8  entry9a.o(.ARM.Collect$$$$0000000B)
    .ARM.Collect$$$$0000000D                 0x08006140   Section        0  entry10a.o(.ARM.Collect$$$$0000000D)
    .ARM.Collect$$$$0000000F                 0x08006140   Section        0  entry11a.o(.ARM.Collect$$$$0000000F)
    .ARM.Collect$$$$00002712                 0x08006140   Section        4  entry2.o(.ARM.Collect$$$$00002712)
    __lit__00000000                          0x08006140   Data           4  entry2.o(.ARM.Collect$$$$00002712)
    .emb_text                                0x08006144   Section      150  port.o(.emb_text)
    .text                                    0x080061dc   Section        0  system_stm32f10x.o(.text)
    SetSysClockToHSE                         0x080061dd   Thumb Code   160  system_stm32f10x.o(.text)
    SetSysClock                              0x0800627d   Thumb Code     8  system_stm32f10x.o(.text)
    .text                                    0x08006388   Section        0  misc.o(.text)
    .text                                    0x08006464   Section        0  stm32f10x_gpio.o(.text)
    .text                                    0x080067c0   Section        0  stm32f10x_iwdg.o(.text)
    .text                                    0x08006800   Section        0  stm32f10x_pwr.o(.text)
    .text                                    0x080068cc   Section        0  stm32f10x_rcc.o(.text)
    .text                                    0x08006c70   Section        0  stm32f10x_rtc.o(.text)
    .text                                    0x08006db8   Section        0  stm32f10x_tim.o(.text)
    TI4_Config                               0x0800725f   Thumb Code   130  stm32f10x_tim.o(.text)
    TI3_Config                               0x080072f3   Thumb Code   122  stm32f10x_tim.o(.text)
    TI2_Config                               0x08007387   Thumb Code   130  stm32f10x_tim.o(.text)
    TI1_Config                               0x0800741b   Thumb Code   108  stm32f10x_tim.o(.text)
    .text                                    0x08007bd4   Section        0  stm32f10x_usart.o(.text)
    .text                                    0x08007fdc   Section       36  startup_stm32f10x_hd.o(.text)
    .text                                    0x08008000   Section        0  list.o(.text)
    .text                                    0x08008094   Section        0  tasks.o(.text)
    prvInitialiseTaskLists                   0x08008095   Thumb Code    70  tasks.o(.text)
    prvAddNewTaskToReadyList                 0x080080db   Thumb Code   150  tasks.o(.text)
    prvInitialiseNewTask                     0x08008171   Thumb Code   154  tasks.o(.text)
    prvResetNextTaskUnblockTime              0x0800826b   Thumb Code    42  tasks.o(.text)
    prvDeleteTCB                             0x08008295   Thumb Code    18  tasks.o(.text)
    prvAddCurrentTaskToDelayedList           0x080085cf   Thumb Code   124  tasks.o(.text)
    prvTaskIsTaskSuspended                   0x08008a81   Thumb Code    76  tasks.o(.text)
    prvCheckTasksWaitingTermination          0x08008bdf   Thumb Code    86  tasks.o(.text)
    prvIdleTask                              0x08008c35   Thumb Code    32  tasks.o(.text)
    .text                                    0x08009410   Section        0  heap_4.o(.text)
    prvInsertBlockIntoFreeList               0x08009411   Thumb Code    96  heap_4.o(.text)
    prvHeapInit                              0x08009471   Thumb Code    98  heap_4.o(.text)
    .text                                    0x080096b0   Section        0  port.o(.text)
    prvTaskExitError                         0x080096b1   Thumb Code    48  port.o(.text)
    .text                                    0x08009918   Section        0  main.o(.text)
    AppTaskCreate                            0x08009919   Thumb Code    44  main.o(.text)
    BSP_Init                                 0x08009969   Thumb Code    70  main.o(.text)
    .text                                    0x08009a24   Section        0  stm32f10x_it.o(.text)
    .text                                    0x08009a48   Section        0  bsp_rtc.o(.text)
    .text                                    0x08009b7c   Section        0  bsp_tim.o(.text)
    .text                                    0x08009cbc   Section        0  bsp_uart.o(.text)
    .text                                    0x0800a17c   Section        0  bds_proc.o(.text)
    nmea_get_field                           0x0800a17d   Thumb Code   108  bds_proc.o(.text)
    nmea_to_decimal                          0x0800a1e9   Thumb Code   148  bds_proc.o(.text)
    nmea_checksum_ok                         0x0800a27d   Thumb Code    80  bds_proc.o(.text)
    parse_GGA                                0x0800a2cd   Thumb Code     2  bds_proc.o(.text)
    parse_RMC                                0x0800a2cf   Thumb Code   362  bds_proc.o(.text)
    utc_to_beijing_time                      0x0800a55b   Thumb Code   110  bds_proc.o(.text)
    utc_to_beijing_date                      0x0800a5c9   Thumb Code   394  bds_proc.o(.text)
    bds_clear_board_buff                     0x0800a8eb   Thumb Code    28  bds_proc.o(.text)
    bds_send_gnss_mode                       0x0800a907   Thumb Code    24  bds_proc.o(.text)
    bds_send_cold_start                      0x0800a91f   Thumb Code    24  bds_proc.o(.text)
    .text                                    0x0800ad90   Section        0  mktime.o(.text)
    .text                                    0x0800ae38   Section        0  memcpya.o(.text)
    .text                                    0x0800ae5c   Section        0  memseta.o(.text)
    .text                                    0x0800ae80   Section        0  strstr.o(.text)
    .text                                    0x0800aea4   Section        0  strncpy.o(.text)
    .text                                    0x0800aebc   Section        0  strchr.o(.text)
    .text                                    0x0800aed0   Section        0  strlen.o(.text)
    .text                                    0x0800aede   Section        0  strcmp.o(.text)
    .text                                    0x0800aefa   Section        0  strpbrk.o(.text)
    .text                                    0x0800af1c   Section        0  __0sscanf.o(.text)
    .text                                    0x0800af54   Section        0  _scanf_int.o(.text)
    .text                                    0x0800b0a0   Section        0  scanf_fp.o(.text)
    _fp_value                                0x0800b0a1   Thumb Code   296  scanf_fp.o(.text)
    .text                                    0x0800b400   Section        0  strtol.o(.text)
    .text                                    0x0800b470   Section        0  atoi.o(.text)
    .text                                    0x0800b48a   Section        0  dadd.o(.text)
    .text                                    0x0800b5d8   Section        0  dmul.o(.text)
    .text                                    0x0800b6bc   Section        0  ddiv.o(.text)
    .text                                    0x0800b79a   Section        0  dflti.o(.text)
    .text                                    0x0800b7bc   Section        0  dfixi.o(.text)
    .text                                    0x0800b7fa   Section        0  uidiv.o(.text)
    .text                                    0x0800b826   Section        0  uldiv.o(.text)
    .text                                    0x0800b888   Section        0  llshl.o(.text)
    .text                                    0x0800b8a6   Section        0  llushr.o(.text)
    .text                                    0x0800b8c6   Section        0  llsshr.o(.text)
    .text                                    0x0800b8ec   Section        0  ctype_o.o(.text)
    .text                                    0x0800b8f4   Section        0  isspace_o.o(.text)
    .text                                    0x0800b908   Section        0  localtime_w.o(.text)
    .text                                    0x0800b914   Section        0  localtime_i.o(.text)
    .text                                    0x0800b9a0   Section        0  _chval.o(.text)
    .text                                    0x0800b9bc   Section        0  scanf_char.o(.text)
    _scanf_char_input                        0x0800b9bd   Thumb Code    12  scanf_char.o(.text)
    .text                                    0x0800b9e4   Section        0  _sgetc.o(.text)
    .text                                    0x0800ba24   Section        0  _strtoul.o(.text)
    .text                                    0x0800bac4   Section        0  strtod.o(.text)
    _local_sscanf                            0x0800bac5   Thumb Code    54  strtod.o(.text)
    .text                                    0x0800bb60   Section        0  iusefp.o(.text)
    .text                                    0x0800bb60   Section        0  depilogue.o(.text)
    .text                                    0x0800bc1a   Section        0  dfltul.o(.text)
    .text                                    0x0800bc32   Section        0  dfixul.o(.text)
    .text                                    0x0800bc64   Section       48  cdrcmple.o(.text)
    .text                                    0x0800bc94   Section        0  d2f.o(.text)
    .text                                    0x0800bccc   Section       36  init.o(.text)
    .text                                    0x0800bcf0   Section        0  _scanf.o(.text)
    .text                                    0x0800c01c   Section        0  fepilogue.o(.text)
    i.__0printf                              0x0800c08c   Section        0  printfa.o(i.__0printf)
    i.__0snprintf                            0x0800c0ac   Section        0  printfa.o(i.__0snprintf)
    i.__aeabi_errno_addr                     0x0800c0dc   Section        0  errno.o(i.__aeabi_errno_addr)
    i.__read_errno                           0x0800c0e4   Section        0  errno.o(i.__read_errno)
    i.__scatterload_copy                     0x0800c0f0   Section       14  handlers.o(i.__scatterload_copy)
    i.__scatterload_null                     0x0800c0fe   Section        2  handlers.o(i.__scatterload_null)
    i.__scatterload_zeroinit                 0x0800c100   Section       14  handlers.o(i.__scatterload_zeroinit)
    i.__set_errno                            0x0800c110   Section        0  errno.o(i.__set_errno)
    i._fp_digits                             0x0800c11c   Section        0  printfa.o(i._fp_digits)
    _fp_digits                               0x0800c11d   Thumb Code   366  printfa.o(i._fp_digits)
    i._is_digit                              0x0800c2a0   Section        0  scanf_fp.o(i._is_digit)
    i._printf_core                           0x0800c2b0   Section        0  printfa.o(i._printf_core)
    _printf_core                             0x0800c2b1   Thumb Code  1744  printfa.o(i._printf_core)
    i._printf_post_padding                   0x0800c98c   Section        0  printfa.o(i._printf_post_padding)
    _printf_post_padding                     0x0800c98d   Thumb Code    36  printfa.o(i._printf_post_padding)
    i._printf_pre_padding                    0x0800c9b0   Section        0  printfa.o(i._printf_pre_padding)
    _printf_pre_padding                      0x0800c9b1   Thumb Code    46  printfa.o(i._printf_pre_padding)
    i._snputc                                0x0800c9de   Section        0  printfa.o(i._snputc)
    _snputc                                  0x0800c9df   Thumb Code    22  printfa.o(i._snputc)
    i.atof                                   0x0800c9f4   Section        0  atof.o(i.atof)
    .constdata                               0x0800ca1e   Section       12  mktime.o(.constdata)
    monlen                                   0x0800ca1e   Data          12  mktime.o(.constdata)
    .constdata                               0x0800ca2a   Section      129  ctype_o.o(.constdata)
    .constdata                               0x0800caac   Section        4  ctype_o.o(.constdata)
    table                                    0x0800caac   Data           4  ctype_o.o(.constdata)
    .constdata                               0x0800cab0   Section       12  localtime_i.o(.constdata)
    monlen                                   0x0800cab0   Data          12  localtime_i.o(.constdata)
    .conststring                             0x0800cabc   Section      214  bds_proc.o(.conststring)
    .ARM.__AT_0x0800CFEF                     0x0800cfef   Section       20  main.o(.ARM.__AT_0x0800CFEF)
    .data                                    0x20000000   Section       20  system_stm32f10x.o(.data)
    .data                                    0x20000014   Section       20  stm32f10x_rcc.o(.data)
    APBAHBPrescTable                         0x20000014   Data          16  stm32f10x_rcc.o(.data)
    ADCPrescTable                            0x20000024   Data           4  stm32f10x_rcc.o(.data)
    .data                                    0x20000028   Section       60  tasks.o(.data)
    pxDelayedTaskList                        0x2000002c   Data           4  tasks.o(.data)
    pxOverflowDelayedTaskList                0x20000030   Data           4  tasks.o(.data)
    uxDeletedTasksWaitingCleanUp             0x20000034   Data           4  tasks.o(.data)
    uxCurrentNumberOfTasks                   0x20000038   Data           4  tasks.o(.data)
    xTickCount                               0x2000003c   Data           4  tasks.o(.data)
    uxTopReadyPriority                       0x20000040   Data           4  tasks.o(.data)
    xSchedulerRunning                        0x20000044   Data           4  tasks.o(.data)
    uxPendedTicks                            0x20000048   Data           4  tasks.o(.data)
    xYieldPending                            0x2000004c   Data           4  tasks.o(.data)
    xNumOfOverflows                          0x20000050   Data           4  tasks.o(.data)
    uxTaskNumber                             0x20000054   Data           4  tasks.o(.data)
    xNextTaskUnblockTime                     0x20000058   Data           4  tasks.o(.data)
    xIdleTaskHandle                          0x2000005c   Data           4  tasks.o(.data)
    uxSchedulerSuspended                     0x20000060   Data           4  tasks.o(.data)
    .data                                    0x20000064   Section       24  heap_4.o(.data)
    xStart                                   0x20000064   Data           8  heap_4.o(.data)
    pxEnd                                    0x2000006c   Data           4  heap_4.o(.data)
    xFreeBytesRemaining                      0x20000070   Data           4  heap_4.o(.data)
    xMinimumEverFreeBytesRemaining           0x20000074   Data           4  heap_4.o(.data)
    xBlockAllocatedBit                       0x20000078   Data           4  heap_4.o(.data)
    .data                                    0x2000007c   Section       12  port.o(.data)
    uxCriticalNesting                        0x2000007c   Data           4  port.o(.data)
    ucMaxSysCallPriority                     0x20000080   Data           1  port.o(.data)
    ulMaxPRIGROUPValue                       0x20000084   Data           4  port.o(.data)
    .data                                    0x20000088   Section        8  main.o(.data)
    AppTaskCreate_Handle                     0x20000088   Data           4  main.o(.data)
    BDS_Task_Handle                          0x2000008c   Data           4  main.o(.data)
    .data                                    0x20000090   Section        4  bsp_uart.o(.data)
    .data                                    0x20000094   Section       39  bds_proc.o(.data)
    bds_send_cnt                             0x200000b4   Data           4  bds_proc.o(.data)
    bds_tick_2ms                             0x200000b8   Data           2  bds_proc.o(.data)
    bds_power_on_initialized                 0x200000ba   Data           1  bds_proc.o(.data)
    .data                                    0x200000bc   Section        4  stdout.o(.data)
    .data                                    0x200000c0   Section        4  errno.o(.data)
    _errno                                   0x200000c0   Data           4  errno.o(.data)
    .bss                                     0x200000c4   Section      740  tasks.o(.bss)
    pxReadyTasksLists                        0x200000c4   Data         640  tasks.o(.bss)
    xDelayedTaskList1                        0x20000344   Data          20  tasks.o(.bss)
    xDelayedTaskList2                        0x20000358   Data          20  tasks.o(.bss)
    xPendingReadyList                        0x2000036c   Data          20  tasks.o(.bss)
    xTasksWaitingTermination                 0x20000380   Data          20  tasks.o(.bss)
    xSuspendedTaskList                       0x20000394   Data          20  tasks.o(.bss)
    .bss                                     0x200003a8   Section    36864  heap_4.o(.bss)
    ucHeap                                   0x200003a8   Data       36864  heap_4.o(.bss)
    .bss                                     0x200093a8   Section     3408  bds_proc.o(.bss)
    snap_buf                                 0x20009cf8   Data        1024  bds_proc.o(.bss)
    .bss                                     0x2000a0f8   Section       44  localtime_w.o(.bss)
    _tms                                     0x2000a0f8   Data          44  localtime_w.o(.bss)
    STACK                                    0x2000a128   Section     1024  startup_stm32f10x_hd.o(STACK)

    Global Symbols

    Symbol Name                              Value     Ov Type        Size  Object(Section)

    BuildAttributes$$THM_ISAv4$P$D$K$B$S$PE$A:L22UL41UL21$X:L11$S22US41US21$IEEE1$IW$USESV6$~STKCKD$USESV7$~SHL$OTIME$ROPI$IEEEJ$EBA8$MICROLIB$REQ8$PRES8$EABIv2 0x00000000   Number         0  anon$$obj.o ABSOLUTE
    __ARM_use_no_argv                        0x00000000   Number         0  main.o ABSOLUTE
    _printf_a                                0x00000000   Number         0  stubs.o ABSOLUTE
    _printf_c                                0x00000000   Number         0  stubs.o ABSOLUTE
    _printf_charcount                        0x00000000   Number         0  stubs.o ABSOLUTE
    _printf_d                                0x00000000   Number         0  stubs.o ABSOLUTE
    _printf_e                                0x00000000   Number         0  stubs.o ABSOLUTE
    _printf_f                                0x00000000   Number         0  stubs.o ABSOLUTE
    _printf_flags                            0x00000000   Number         0  stubs.o ABSOLUTE
    _printf_fp_dec                           0x00000000   Number         0  stubs.o ABSOLUTE
    _printf_fp_hex                           0x00000000   Number         0  stubs.o ABSOLUTE
    _printf_g                                0x00000000   Number         0  stubs.o ABSOLUTE
    _printf_i                                0x00000000   Number         0  stubs.o ABSOLUTE
    _printf_int_dec                          0x00000000   Number         0  stubs.o ABSOLUTE
    _printf_l                                0x00000000   Number         0  stubs.o ABSOLUTE
    _printf_lc                               0x00000000   Number         0  stubs.o ABSOLUTE
    _printf_ll                               0x00000000   Number         0  stubs.o ABSOLUTE
    _printf_lld                              0x00000000   Number         0  stubs.o ABSOLUTE
    _printf_lli                              0x00000000   Number         0  stubs.o ABSOLUTE
    _printf_llo                              0x00000000   Number         0  stubs.o ABSOLUTE
    _printf_llu                              0x00000000   Number         0  stubs.o ABSOLUTE
    _printf_llx                              0x00000000   Number         0  stubs.o ABSOLUTE
    _printf_longlong_dec                     0x00000000   Number         0  stubs.o ABSOLUTE
    _printf_longlong_hex                     0x00000000   Number         0  stubs.o ABSOLUTE
    _printf_longlong_oct                     0x00000000   Number         0  stubs.o ABSOLUTE
    _printf_ls                               0x00000000   Number         0  stubs.o ABSOLUTE
    _printf_mbtowc                           0x00000000   Number         0  stubs.o ABSOLUTE
    _printf_n                                0x00000000   Number         0  stubs.o ABSOLUTE
    _printf_o                                0x00000000   Number         0  stubs.o ABSOLUTE
    _printf_p                                0x00000000   Number         0  stubs.o ABSOLUTE
    _printf_percent                          0x00000000   Number         0  stubs.o ABSOLUTE
    _printf_pre_padding                      0x00000000   Number         0  stubs.o ABSOLUTE
    _printf_return_value                     0x00000000   Number         0  stubs.o ABSOLUTE
    _printf_s                                0x00000000   Number         0  stubs.o ABSOLUTE
    _printf_sizespec                         0x00000000   Number         0  stubs.o ABSOLUTE
    _printf_str                              0x00000000   Number         0  stubs.o ABSOLUTE
    _printf_truncate_signed                  0x00000000   Number         0  stubs.o ABSOLUTE
    _printf_truncate_unsigned                0x00000000   Number         0  stubs.o ABSOLUTE
    _printf_u                                0x00000000   Number         0  stubs.o ABSOLUTE
    _printf_wc                               0x00000000   Number         0  stubs.o ABSOLUTE
    _printf_wctomb                           0x00000000   Number         0  stubs.o ABSOLUTE
    _printf_widthprec                        0x00000000   Number         0  stubs.o ABSOLUTE
    _printf_x                                0x00000000   Number         0  stubs.o ABSOLUTE
    __cpp_initialize__aeabi_                  - Undefined Weak Reference
    __cxa_finalize                            - Undefined Weak Reference
    __decompress                              - Undefined Weak Reference
    _clock_init                               - Undefined Weak Reference
    _microlib_exit                            - Undefined Weak Reference
    _scanf_longlong                           - Undefined Weak Reference
    _scanf_string                             - Undefined Weak Reference
    __Vectors_Size                           0x00000130   Number         0  startup_stm32f10x_hd.o ABSOLUTE
    __Vectors                                0x08006000   Data           4  startup_stm32f10x_hd.o(RESET)
    __Vectors_End                            0x08006130   Data           0  startup_stm32f10x_hd.o(RESET)
    __main                                   0x08006131   Thumb Code     0  entry.o(.ARM.Collect$$$$00000000)
    _main_stk                                0x08006131   Thumb Code     0  entry2.o(.ARM.Collect$$$$00000001)
    _main_scatterload                        0x08006135   Thumb Code     0  entry5.o(.ARM.Collect$$$$00000004)
    __main_after_scatterload                 0x08006139   Thumb Code     0  entry5.o(.ARM.Collect$$$$00000004)
    _main_clock                              0x08006139   Thumb Code     0  entry7b.o(.ARM.Collect$$$$00000008)
    _main_cpp_init                           0x08006139   Thumb Code     0  entry8b.o(.ARM.Collect$$$$0000000A)
    _main_init                               0x08006139   Thumb Code     0  entry9a.o(.ARM.Collect$$$$0000000B)
    __rt_final_cpp                           0x08006141   Thumb Code     0  entry10a.o(.ARM.Collect$$$$0000000D)
    __rt_final_exit                          0x08006141   Thumb Code     0  entry11a.o(.ARM.Collect$$$$0000000F)
    SVC_Handler                              0x08006145   Thumb Code    32  port.o(.emb_text)
    __asm___6_port_c_39a90d8d__prvStartFirstTask 0x08006169   Thumb Code    28  port.o(.emb_text)
    PendSV_Handler                           0x08006189   Thumb Code    72  port.o(.emb_text)
    vPortGetIPSR                             0x080061d5   Thumb Code     6  port.o(.emb_text)
    SystemInit                               0x08006285   Thumb Code    76  system_stm32f10x.o(.text)
    SystemCoreClockUpdate                    0x080062d1   Thumb Code   142  system_stm32f10x.o(.text)
    NVIC_PriorityGroupConfig                 0x08006389   Thumb Code    10  misc.o(.text)
    NVIC_Init                                0x08006393   Thumb Code   100  misc.o(.text)
    NVIC_SetVectorTable                      0x080063f7   Thumb Code    14  misc.o(.text)
    NVIC_SystemLPConfig                      0x08006405   Thumb Code    34  misc.o(.text)
    SysTick_CLKSourceConfig                  0x08006427   Thumb Code    40  misc.o(.text)
    GPIO_DeInit                              0x08006465   Thumb Code   172  stm32f10x_gpio.o(.text)
    GPIO_AFIODeInit                          0x08006511   Thumb Code    20  stm32f10x_gpio.o(.text)
    GPIO_Init                                0x08006525   Thumb Code   278  stm32f10x_gpio.o(.text)
    GPIO_StructInit                          0x0800663b   Thumb Code    16  stm32f10x_gpio.o(.text)
    GPIO_ReadInputDataBit                    0x0800664b   Thumb Code    18  stm32f10x_gpio.o(.text)
    GPIO_ReadInputData                       0x0800665d   Thumb Code     8  stm32f10x_gpio.o(.text)
    GPIO_ReadOutputDataBit                   0x08006665   Thumb Code    18  stm32f10x_gpio.o(.text)
    GPIO_ReadOutputData                      0x08006677   Thumb Code     8  stm32f10x_gpio.o(.text)
    GPIO_SetBits                             0x0800667f   Thumb Code     4  stm32f10x_gpio.o(.text)
    GPIO_ResetBits                           0x08006683   Thumb Code     4  stm32f10x_gpio.o(.text)
    GPIO_WriteBit                            0x08006687   Thumb Code    10  stm32f10x_gpio.o(.text)
    GPIO_Write                               0x08006691   Thumb Code     4  stm32f10x_gpio.o(.text)
    GPIO_PinLockConfig                       0x08006695   Thumb Code    18  stm32f10x_gpio.o(.text)
    GPIO_EventOutputConfig                   0x080066a7   Thumb Code    26  stm32f10x_gpio.o(.text)
    GPIO_EventOutputCmd                      0x080066c1   Thumb Code     6  stm32f10x_gpio.o(.text)
    GPIO_PinRemapConfig                      0x080066c7   Thumb Code   138  stm32f10x_gpio.o(.text)
    GPIO_EXTILineConfig                      0x08006751   Thumb Code    66  stm32f10x_gpio.o(.text)
    GPIO_ETH_MediaInterfaceConfig            0x08006793   Thumb Code     8  stm32f10x_gpio.o(.text)
    IWDG_WriteAccessCmd                      0x080067c1   Thumb Code     6  stm32f10x_iwdg.o(.text)
    IWDG_SetPrescaler                        0x080067c7   Thumb Code     6  stm32f10x_iwdg.o(.text)
    IWDG_SetReload                           0x080067cd   Thumb Code     6  stm32f10x_iwdg.o(.text)
    IWDG_ReloadCounter                       0x080067d3   Thumb Code    10  stm32f10x_iwdg.o(.text)
    IWDG_Enable                              0x080067dd   Thumb Code    10  stm32f10x_iwdg.o(.text)
    IWDG_GetFlagStatus                       0x080067e7   Thumb Code    20  stm32f10x_iwdg.o(.text)
    PWR_DeInit                               0x08006801   Thumb Code    22  stm32f10x_pwr.o(.text)
    PWR_BackupAccessCmd                      0x08006817   Thumb Code     6  stm32f10x_pwr.o(.text)
    PWR_PVDCmd                               0x0800681d   Thumb Code     6  stm32f10x_pwr.o(.text)
    PWR_PVDLevelConfig                       0x08006823   Thumb Code    18  stm32f10x_pwr.o(.text)
    PWR_WakeUpPinCmd                         0x08006835   Thumb Code     8  stm32f10x_pwr.o(.text)
    PWR_EnterSTOPMode                        0x0800683d   Thumb Code    54  stm32f10x_pwr.o(.text)
    PWR_EnterSTANDBYMode                     0x08006873   Thumb Code    42  stm32f10x_pwr.o(.text)
    PWR_GetFlagStatus                        0x0800689d   Thumb Code    20  stm32f10x_pwr.o(.text)
    PWR_ClearFlag                            0x080068b1   Thumb Code    14  stm32f10x_pwr.o(.text)
    RCC_DeInit                               0x080068cd   Thumb Code    64  stm32f10x_rcc.o(.text)
    RCC_HSEConfig                            0x0800690d   Thumb Code    70  stm32f10x_rcc.o(.text)
    RCC_GetFlagStatus                        0x08006953   Thumb Code    56  stm32f10x_rcc.o(.text)
    RCC_WaitForHSEStartUp                    0x0800698b   Thumb Code    56  stm32f10x_rcc.o(.text)
    RCC_AdjustHSICalibrationValue            0x080069c3   Thumb Code    20  stm32f10x_rcc.o(.text)
    RCC_HSICmd                               0x080069d7   Thumb Code     6  stm32f10x_rcc.o(.text)
    RCC_PLLConfig                            0x080069dd   Thumb Code    24  stm32f10x_rcc.o(.text)
    RCC_PLLCmd                               0x080069f5   Thumb Code     6  stm32f10x_rcc.o(.text)
    RCC_SYSCLKConfig                         0x080069fb   Thumb Code    18  stm32f10x_rcc.o(.text)
    RCC_GetSYSCLKSource                      0x08006a0d   Thumb Code    10  stm32f10x_rcc.o(.text)
    RCC_HCLKConfig                           0x08006a17   Thumb Code    18  stm32f10x_rcc.o(.text)
    RCC_PCLK1Config                          0x08006a29   Thumb Code    18  stm32f10x_rcc.o(.text)
    RCC_PCLK2Config                          0x08006a3b   Thumb Code    20  stm32f10x_rcc.o(.text)
    RCC_ITConfig                             0x08006a4f   Thumb Code    26  stm32f10x_rcc.o(.text)
    RCC_USBCLKConfig                         0x08006a69   Thumb Code     8  stm32f10x_rcc.o(.text)
    RCC_ADCCLKConfig                         0x08006a71   Thumb Code    18  stm32f10x_rcc.o(.text)
    RCC_LSEConfig                            0x08006a83   Thumb Code    50  stm32f10x_rcc.o(.text)
    RCC_LSICmd                               0x08006ab5   Thumb Code     6  stm32f10x_rcc.o(.text)
    RCC_RTCCLKConfig                         0x08006abb   Thumb Code    12  stm32f10x_rcc.o(.text)
    RCC_RTCCLKCmd                            0x08006ac7   Thumb Code     8  stm32f10x_rcc.o(.text)
    RCC_GetClocksFreq                        0x08006acf   Thumb Code   192  stm32f10x_rcc.o(.text)
    RCC_AHBPeriphClockCmd                    0x08006b8f   Thumb Code    26  stm32f10x_rcc.o(.text)
    RCC_APB2PeriphClockCmd                   0x08006ba9   Thumb Code    26  stm32f10x_rcc.o(.text)
    RCC_APB1PeriphClockCmd                   0x08006bc3   Thumb Code    26  stm32f10x_rcc.o(.text)
    RCC_APB2PeriphResetCmd                   0x08006bdd   Thumb Code    26  stm32f10x_rcc.o(.text)
    RCC_APB1PeriphResetCmd                   0x08006bf7   Thumb Code    26  stm32f10x_rcc.o(.text)
    RCC_BackupResetCmd                       0x08006c11   Thumb Code     8  stm32f10x_rcc.o(.text)
    RCC_ClockSecuritySystemCmd               0x08006c19   Thumb Code     6  stm32f10x_rcc.o(.text)
    RCC_MCOConfig                            0x08006c1f   Thumb Code     6  stm32f10x_rcc.o(.text)
    RCC_ClearFlag                            0x08006c25   Thumb Code    14  stm32f10x_rcc.o(.text)
    RCC_GetITStatus                          0x08006c33   Thumb Code    20  stm32f10x_rcc.o(.text)
    RCC_ClearITPendingBit                    0x08006c47   Thumb Code     6  stm32f10x_rcc.o(.text)
    RTC_ITConfig                             0x08006c71   Thumb Code    26  stm32f10x_rtc.o(.text)
    RTC_EnterConfigMode                      0x08006c8b   Thumb Code    18  stm32f10x_rtc.o(.text)
    RTC_ExitConfigMode                       0x08006c9d   Thumb Code    20  stm32f10x_rtc.o(.text)
    RTC_GetCounter                           0x08006cb1   Thumb Code    18  stm32f10x_rtc.o(.text)
    RTC_SetCounter                           0x08006cc3   Thumb Code    26  stm32f10x_rtc.o(.text)
    RTC_SetPrescaler                         0x08006cdd   Thumb Code    28  stm32f10x_rtc.o(.text)
    RTC_SetAlarm                             0x08006cf9   Thumb Code    26  stm32f10x_rtc.o(.text)
    RTC_GetDivider                           0x08006d13   Thumb Code    22  stm32f10x_rtc.o(.text)
    RTC_WaitForLastTask                      0x08006d29   Thumb Code    18  stm32f10x_rtc.o(.text)
    RTC_WaitForSynchro                       0x08006d3b   Thumb Code    36  stm32f10x_rtc.o(.text)
    RTC_GetFlagStatus                        0x08006d5f   Thumb Code    22  stm32f10x_rtc.o(.text)
    RTC_ClearFlag                            0x08006d75   Thumb Code    16  stm32f10x_rtc.o(.text)
    RTC_GetITStatus                          0x08006d85   Thumb Code    32  stm32f10x_rtc.o(.text)
    RTC_ClearITPendingBit                    0x08006da5   Thumb Code    16  stm32f10x_rtc.o(.text)
    TIM_DeInit                               0x08006db9   Thumb Code   424  stm32f10x_tim.o(.text)
    TIM_TimeBaseInit                         0x08006f61   Thumb Code   122  stm32f10x_tim.o(.text)
    TIM_OC1Init                              0x08006fdb   Thumb Code   132  stm32f10x_tim.o(.text)
    TIM_OC2Init                              0x0800705f   Thumb Code   154  stm32f10x_tim.o(.text)
    TIM_OC3Init                              0x080070f9   Thumb Code   150  stm32f10x_tim.o(.text)
    TIM_OC4Init                              0x0800718f   Thumb Code   182  stm32f10x_tim.o(.text)
    TIM_SetIC4Prescaler                      0x08007245   Thumb Code    26  stm32f10x_tim.o(.text)
    TIM_SetIC3Prescaler                      0x080072e1   Thumb Code    18  stm32f10x_tim.o(.text)
    TIM_SetIC2Prescaler                      0x0800736d   Thumb Code    26  stm32f10x_tim.o(.text)
    TIM_SetIC1Prescaler                      0x08007409   Thumb Code    18  stm32f10x_tim.o(.text)
    TIM_ICInit                               0x08007487   Thumb Code   150  stm32f10x_tim.o(.text)
    TIM_PWMIConfig                           0x0800751d   Thumb Code   124  stm32f10x_tim.o(.text)
    TIM_BDTRConfig                           0x08007599   Thumb Code    32  stm32f10x_tim.o(.text)
    TIM_TimeBaseStructInit                   0x080075b9   Thumb Code    18  stm32f10x_tim.o(.text)
    TIM_OCStructInit                         0x080075cb   Thumb Code    20  stm32f10x_tim.o(.text)
    TIM_ICStructInit                         0x080075df   Thumb Code    18  stm32f10x_tim.o(.text)
    TIM_BDTRStructInit                       0x080075f1   Thumb Code    40  stm32f10x_tim.o(.text)
    TIM_Cmd                                  0x08007619   Thumb Code    24  stm32f10x_tim.o(.text)
    TIM_CtrlPWMOutputs                       0x08007631   Thumb Code    30  stm32f10x_tim.o(.text)
    TIM_ITConfig                             0x0800764f   Thumb Code    18  stm32f10x_tim.o(.text)
    TIM_GenerateEvent                        0x08007661   Thumb Code     4  stm32f10x_tim.o(.text)
    TIM_DMAConfig                            0x08007665   Thumb Code    10  stm32f10x_tim.o(.text)
    TIM_DMACmd                               0x0800766f   Thumb Code    18  stm32f10x_tim.o(.text)
    TIM_InternalClockConfig                  0x08007681   Thumb Code    12  stm32f10x_tim.o(.text)
    TIM_SelectInputTrigger                   0x0800768d   Thumb Code    18  stm32f10x_tim.o(.text)
    TIM_ITRxExternalClockConfig              0x0800769f   Thumb Code    24  stm32f10x_tim.o(.text)
    TIM_TIxExternalClockConfig               0x080076b7   Thumb Code    62  stm32f10x_tim.o(.text)
    TIM_ETRConfig                            0x080076f5   Thumb Code    28  stm32f10x_tim.o(.text)
    TIM_ETRClockMode1Config                  0x08007711   Thumb Code    54  stm32f10x_tim.o(.text)
    TIM_ETRClockMode2Config                  0x08007747   Thumb Code    32  stm32f10x_tim.o(.text)
    TIM_PrescalerConfig                      0x08007767   Thumb Code     6  stm32f10x_tim.o(.text)
    TIM_CounterModeConfig                    0x0800776d   Thumb Code    18  stm32f10x_tim.o(.text)
    TIM_EncoderInterfaceConfig               0x0800777f   Thumb Code    66  stm32f10x_tim.o(.text)
    TIM_ForcedOC1Config                      0x080077c1   Thumb Code    18  stm32f10x_tim.o(.text)
    TIM_ForcedOC2Config                      0x080077d3   Thumb Code    26  stm32f10x_tim.o(.text)
    TIM_ForcedOC3Config                      0x080077ed   Thumb Code    18  stm32f10x_tim.o(.text)
    TIM_ForcedOC4Config                      0x080077ff   Thumb Code    26  stm32f10x_tim.o(.text)
    TIM_ARRPreloadConfig                     0x08007819   Thumb Code    24  stm32f10x_tim.o(.text)
    TIM_SelectCOM                            0x08007831   Thumb Code    24  stm32f10x_tim.o(.text)
    TIM_SelectCCDMA                          0x08007849   Thumb Code    24  stm32f10x_tim.o(.text)
    TIM_CCPreloadControl                     0x08007861   Thumb Code    24  stm32f10x_tim.o(.text)
    TIM_OC1PreloadConfig                     0x08007879   Thumb Code    18  stm32f10x_tim.o(.text)
    TIM_OC2PreloadConfig                     0x0800788b   Thumb Code    26  stm32f10x_tim.o(.text)
    TIM_OC3PreloadConfig                     0x080078a5   Thumb Code    18  stm32f10x_tim.o(.text)
    TIM_OC4PreloadConfig                     0x080078b7   Thumb Code    26  stm32f10x_tim.o(.text)
    TIM_OC1FastConfig                        0x080078d1   Thumb Code    18  stm32f10x_tim.o(.text)
    TIM_OC2FastConfig                        0x080078e3   Thumb Code    26  stm32f10x_tim.o(.text)
    TIM_OC3FastConfig                        0x080078fd   Thumb Code    18  stm32f10x_tim.o(.text)
    TIM_OC4FastConfig                        0x0800790f   Thumb Code    26  stm32f10x_tim.o(.text)
    TIM_ClearOC1Ref                          0x08007929   Thumb Code    18  stm32f10x_tim.o(.text)
    TIM_ClearOC2Ref                          0x0800793b   Thumb Code    24  stm32f10x_tim.o(.text)
    TIM_ClearOC3Ref                          0x08007953   Thumb Code    18  stm32f10x_tim.o(.text)
    TIM_ClearOC4Ref                          0x08007965   Thumb Code    24  stm32f10x_tim.o(.text)
    TIM_OC1PolarityConfig                    0x0800797d   Thumb Code    18  stm32f10x_tim.o(.text)
    TIM_OC1NPolarityConfig                   0x0800798f   Thumb Code    18  stm32f10x_tim.o(.text)
    TIM_OC2PolarityConfig                    0x080079a1   Thumb Code    26  stm32f10x_tim.o(.text)
    TIM_OC2NPolarityConfig                   0x080079bb   Thumb Code    26  stm32f10x_tim.o(.text)
    TIM_OC3PolarityConfig                    0x080079d5   Thumb Code    26  stm32f10x_tim.o(.text)
    TIM_OC3NPolarityConfig                   0x080079ef   Thumb Code    26  stm32f10x_tim.o(.text)
    TIM_OC4PolarityConfig                    0x08007a09   Thumb Code    26  stm32f10x_tim.o(.text)
    TIM_CCxCmd                               0x08007a23   Thumb Code    30  stm32f10x_tim.o(.text)
    TIM_CCxNCmd                              0x08007a41   Thumb Code    30  stm32f10x_tim.o(.text)
    TIM_SelectOCxM                           0x08007a5f   Thumb Code    82  stm32f10x_tim.o(.text)
    TIM_UpdateDisableConfig                  0x08007ab1   Thumb Code    24  stm32f10x_tim.o(.text)
    TIM_UpdateRequestConfig                  0x08007ac9   Thumb Code    24  stm32f10x_tim.o(.text)
    TIM_SelectHallSensor                     0x08007ae1   Thumb Code    24  stm32f10x_tim.o(.text)
    TIM_SelectOnePulseMode                   0x08007af9   Thumb Code    18  stm32f10x_tim.o(.text)
    TIM_SelectOutputTrigger                  0x08007b0b   Thumb Code    18  stm32f10x_tim.o(.text)
    TIM_SelectSlaveMode                      0x08007b1d   Thumb Code    18  stm32f10x_tim.o(.text)
    TIM_SelectMasterSlaveMode                0x08007b2f   Thumb Code    18  stm32f10x_tim.o(.text)
    TIM_SetCounter                           0x08007b41   Thumb Code     4  stm32f10x_tim.o(.text)
    TIM_SetAutoreload                        0x08007b45   Thumb Code     4  stm32f10x_tim.o(.text)
    TIM_SetCompare1                          0x08007b49   Thumb Code     4  stm32f10x_tim.o(.text)
    TIM_SetCompare2                          0x08007b4d   Thumb Code     4  stm32f10x_tim.o(.text)
    TIM_SetCompare3                          0x08007b51   Thumb Code     4  stm32f10x_tim.o(.text)
    TIM_SetCompare4                          0x08007b55   Thumb Code     6  stm32f10x_tim.o(.text)
    TIM_SetClockDivision                     0x08007b5b   Thumb Code    18  stm32f10x_tim.o(.text)
    TIM_GetCapture1                          0x08007b6d   Thumb Code     6  stm32f10x_tim.o(.text)
    TIM_GetCapture2                          0x08007b73   Thumb Code     6  stm32f10x_tim.o(.text)
    TIM_GetCapture3                          0x08007b79   Thumb Code     6  stm32f10x_tim.o(.text)
    TIM_GetCapture4                          0x08007b7f   Thumb Code     8  stm32f10x_tim.o(.text)
    TIM_GetCounter                           0x08007b87   Thumb Code     6  stm32f10x_tim.o(.text)
    TIM_GetPrescaler                         0x08007b8d   Thumb Code     6  stm32f10x_tim.o(.text)
    TIM_GetFlagStatus                        0x08007b93   Thumb Code    18  stm32f10x_tim.o(.text)
    TIM_ClearFlag                            0x08007ba5   Thumb Code     6  stm32f10x_tim.o(.text)
    TIM_GetITStatus                          0x08007bab   Thumb Code    34  stm32f10x_tim.o(.text)
    TIM_ClearITPendingBit                    0x08007bcd   Thumb Code     6  stm32f10x_tim.o(.text)
    USART_DeInit                             0x08007bd5   Thumb Code   134  stm32f10x_usart.o(.text)
    USART_Init                               0x08007c5b   Thumb Code   210  stm32f10x_usart.o(.text)
    USART_StructInit                         0x08007d2d   Thumb Code    24  stm32f10x_usart.o(.text)
    USART_ClockInit                          0x08007d45   Thumb Code    34  stm32f10x_usart.o(.text)
    USART_ClockStructInit                    0x08007d67   Thumb Code    12  stm32f10x_usart.o(.text)
    USART_Cmd                                0x08007d73   Thumb Code    24  stm32f10x_usart.o(.text)
    USART_ITConfig                           0x08007d8b   Thumb Code    74  stm32f10x_usart.o(.text)
    USART_DMACmd                             0x08007dd5   Thumb Code    18  stm32f10x_usart.o(.text)
    USART_SetAddress                         0x08007de7   Thumb Code    18  stm32f10x_usart.o(.text)
    USART_WakeUpConfig                       0x08007df9   Thumb Code    18  stm32f10x_usart.o(.text)
    USART_ReceiverWakeUpCmd                  0x08007e0b   Thumb Code    24  stm32f10x_usart.o(.text)
    USART_LINBreakDetectLengthConfig         0x08007e23   Thumb Code    18  stm32f10x_usart.o(.text)
    USART_LINCmd                             0x08007e35   Thumb Code    24  stm32f10x_usart.o(.text)
    USART_SendData                           0x08007e4d   Thumb Code     8  stm32f10x_usart.o(.text)
    USART_ReceiveData                        0x08007e55   Thumb Code    10  stm32f10x_usart.o(.text)
    USART_SendBreak                          0x08007e5f   Thumb Code    10  stm32f10x_usart.o(.text)
    USART_SetGuardTime                       0x08007e69   Thumb Code    16  stm32f10x_usart.o(.text)
    USART_SetPrescaler                       0x08007e79   Thumb Code    16  stm32f10x_usart.o(.text)
    USART_SmartCardCmd                       0x08007e89   Thumb Code    24  stm32f10x_usart.o(.text)
    USART_SmartCardNACKCmd                   0x08007ea1   Thumb Code    24  stm32f10x_usart.o(.text)
    USART_HalfDuplexCmd                      0x08007eb9   Thumb Code    24  stm32f10x_usart.o(.text)
    USART_OverSampling8Cmd                   0x08007ed1   Thumb Code    22  stm32f10x_usart.o(.text)
    USART_OneBitMethodCmd                    0x08007ee7   Thumb Code    24  stm32f10x_usart.o(.text)
    USART_IrDAConfig                         0x08007eff   Thumb Code    18  stm32f10x_usart.o(.text)
    USART_IrDACmd                            0x08007f11   Thumb Code    24  stm32f10x_usart.o(.text)
    USART_GetFlagStatus                      0x08007f29   Thumb Code    26  stm32f10x_usart.o(.text)
    USART_ClearFlag                          0x08007f43   Thumb Code    18  stm32f10x_usart.o(.text)
    USART_GetITStatus                        0x08007f55   Thumb Code    84  stm32f10x_usart.o(.text)
    USART_ClearITPendingBit                  0x08007fa9   Thumb Code    52  stm32f10x_usart.o(.text)
    Reset_Handler                            0x08007fdd   Thumb Code     8  startup_stm32f10x_hd.o(.text)
    ADC1_2_IRQHandler                        0x08007ff7   Thumb Code     0  startup_stm32f10x_hd.o(.text)
    ADC3_IRQHandler                          0x08007ff7   Thumb Code     0  startup_stm32f10x_hd.o(.text)
    CAN1_RX1_IRQHandler                      0x08007ff7   Thumb Code     0  startup_stm32f10x_hd.o(.text)
    CAN1_SCE_IRQHandler                      0x08007ff7   Thumb Code     0  startup_stm32f10x_hd.o(.text)
    DMA1_Channel1_IRQHandler                 0x08007ff7   Thumb Code     0  startup_stm32f10x_hd.o(.text)
    DMA1_Channel2_IRQHandler                 0x08007ff7   Thumb Code     0  startup_stm32f10x_hd.o(.text)
    DMA1_Channel3_IRQHandler                 0x08007ff7   Thumb Code     0  startup_stm32f10x_hd.o(.text)
    DMA1_Channel4_IRQHandler                 0x08007ff7   Thumb Code     0  startup_stm32f10x_hd.o(.text)
    DMA1_Channel5_IRQHandler                 0x08007ff7   Thumb Code     0  startup_stm32f10x_hd.o(.text)
    DMA1_Channel6_IRQHandler                 0x08007ff7   Thumb Code     0  startup_stm32f10x_hd.o(.text)
    DMA1_Channel7_IRQHandler                 0x08007ff7   Thumb Code     0  startup_stm32f10x_hd.o(.text)
    DMA2_Channel1_IRQHandler                 0x08007ff7   Thumb Code     0  startup_stm32f10x_hd.o(.text)
    DMA2_Channel2_IRQHandler                 0x08007ff7   Thumb Code     0  startup_stm32f10x_hd.o(.text)
    DMA2_Channel3_IRQHandler                 0x08007ff7   Thumb Code     0  startup_stm32f10x_hd.o(.text)
    DMA2_Channel4_5_IRQHandler               0x08007ff7   Thumb Code     0  startup_stm32f10x_hd.o(.text)
    EXTI0_IRQHandler                         0x08007ff7   Thumb Code     0  startup_stm32f10x_hd.o(.text)
    EXTI15_10_IRQHandler                     0x08007ff7   Thumb Code     0  startup_stm32f10x_hd.o(.text)
    EXTI1_IRQHandler                         0x08007ff7   Thumb Code     0  startup_stm32f10x_hd.o(.text)
    EXTI2_IRQHandler                         0x08007ff7   Thumb Code     0  startup_stm32f10x_hd.o(.text)
    EXTI3_IRQHandler                         0x08007ff7   Thumb Code     0  startup_stm32f10x_hd.o(.text)
    EXTI4_IRQHandler                         0x08007ff7   Thumb Code     0  startup_stm32f10x_hd.o(.text)
    EXTI9_5_IRQHandler                       0x08007ff7   Thumb Code     0  startup_stm32f10x_hd.o(.text)
    FLASH_IRQHandler                         0x08007ff7   Thumb Code     0  startup_stm32f10x_hd.o(.text)
    FSMC_IRQHandler                          0x08007ff7   Thumb Code     0  startup_stm32f10x_hd.o(.text)
    I2C1_ER_IRQHandler                       0x08007ff7   Thumb Code     0  startup_stm32f10x_hd.o(.text)
    I2C1_EV_IRQHandler                       0x08007ff7   Thumb Code     0  startup_stm32f10x_hd.o(.text)
    I2C2_ER_IRQHandler                       0x08007ff7   Thumb Code     0  startup_stm32f10x_hd.o(.text)
    I2C2_EV_IRQHandler                       0x08007ff7   Thumb Code     0  startup_stm32f10x_hd.o(.text)
    PVD_IRQHandler                           0x08007ff7   Thumb Code     0  startup_stm32f10x_hd.o(.text)
    RCC_IRQHandler                           0x08007ff7   Thumb Code     0  startup_stm32f10x_hd.o(.text)
    RTCAlarm_IRQHandler                      0x08007ff7   Thumb Code     0  startup_stm32f10x_hd.o(.text)
    RTC_IRQHandler                           0x08007ff7   Thumb Code     0  startup_stm32f10x_hd.o(.text)
    SDIO_IRQHandler                          0x08007ff7   Thumb Code     0  startup_stm32f10x_hd.o(.text)
    SPI1_IRQHandler                          0x08007ff7   Thumb Code     0  startup_stm32f10x_hd.o(.text)
    SPI2_IRQHandler                          0x08007ff7   Thumb Code     0  startup_stm32f10x_hd.o(.text)
    SPI3_IRQHandler                          0x08007ff7   Thumb Code     0  startup_stm32f10x_hd.o(.text)
    TAMPER_IRQHandler                        0x08007ff7   Thumb Code     0  startup_stm32f10x_hd.o(.text)
    TIM1_BRK_IRQHandler                      0x08007ff7   Thumb Code     0  startup_stm32f10x_hd.o(.text)
    TIM1_CC_IRQHandler                       0x08007ff7   Thumb Code     0  startup_stm32f10x_hd.o(.text)
    TIM1_TRG_COM_IRQHandler                  0x08007ff7   Thumb Code     0  startup_stm32f10x_hd.o(.text)
    TIM1_UP_IRQHandler                       0x08007ff7   Thumb Code     0  startup_stm32f10x_hd.o(.text)
    TIM4_IRQHandler                          0x08007ff7   Thumb Code     0  startup_stm32f10x_hd.o(.text)
    TIM5_IRQHandler                          0x08007ff7   Thumb Code     0  startup_stm32f10x_hd.o(.text)
    TIM6_IRQHandler                          0x08007ff7   Thumb Code     0  startup_stm32f10x_hd.o(.text)
    TIM7_IRQHandler                          0x08007ff7   Thumb Code     0  startup_stm32f10x_hd.o(.text)
    TIM8_BRK_IRQHandler                      0x08007ff7   Thumb Code     0  startup_stm32f10x_hd.o(.text)
    TIM8_CC_IRQHandler                       0x08007ff7   Thumb Code     0  startup_stm32f10x_hd.o(.text)
    TIM8_TRG_COM_IRQHandler                  0x08007ff7   Thumb Code     0  startup_stm32f10x_hd.o(.text)
    TIM8_UP_IRQHandler                       0x08007ff7   Thumb Code     0  startup_stm32f10x_hd.o(.text)
    USART3_IRQHandler                        0x08007ff7   Thumb Code     0  startup_stm32f10x_hd.o(.text)
    USBWakeUp_IRQHandler                     0x08007ff7   Thumb Code     0  startup_stm32f10x_hd.o(.text)
    USB_HP_CAN1_TX_IRQHandler                0x08007ff7   Thumb Code     0  startup_stm32f10x_hd.o(.text)
    USB_LP_CAN1_RX0_IRQHandler               0x08007ff7   Thumb Code     0  startup_stm32f10x_hd.o(.text)
    WWDG_IRQHandler                          0x08007ff7   Thumb Code     0  startup_stm32f10x_hd.o(.text)
    vListInitialise                          0x08008001   Thumb Code    26  list.o(.text)
    vListInitialiseItem                      0x0800801b   Thumb Code     6  list.o(.text)
    vListInsertEnd                           0x08008021   Thumb Code    24  list.o(.text)
    vListInsert                              0x08008039   Thumb Code    52  list.o(.text)
    uxListRemove                             0x0800806d   Thumb Code    40  list.o(.text)
    xTaskCreate                              0x0800820b   Thumb Code    96  tasks.o(.text)
    vTaskDelete                              0x080082a7   Thumb Code   192  tasks.o(.text)
    xTaskIncrementTick                       0x08008367   Thumb Code   272  tasks.o(.text)
    xTaskResumeAll                           0x08008477   Thumb Code   344  tasks.o(.text)
    vTaskSuspendAll                          0x0800864b   Thumb Code    12  tasks.o(.text)
    vTaskDelayUntil                          0x08008657   Thumb Code   182  tasks.o(.text)
    vTaskDelay                               0x0800870d   Thumb Code    76  tasks.o(.text)
    eTaskGetState                            0x08008759   Thumb Code   106  tasks.o(.text)
    uxTaskPriorityGet                        0x080087c3   Thumb Code    30  tasks.o(.text)
    uxTaskPriorityGetFromISR                 0x080087e1   Thumb Code    62  tasks.o(.text)
    vTaskPrioritySet                         0x0800881f   Thumb Code   306  tasks.o(.text)
    vTaskSwitchContext                       0x08008951   Thumb Code   114  tasks.o(.text)
    vTaskSuspend                             0x080089c3   Thumb Code   190  tasks.o(.text)
    vTaskResume                              0x08008acd   Thumb Code   122  tasks.o(.text)
    xTaskResumeFromISR                       0x08008b47   Thumb Code   152  tasks.o(.text)
    vTaskStartScheduler                      0x08008c55   Thumb Code   102  tasks.o(.text)
    vTaskEndScheduler                        0x08008cbb   Thumb Code    32  tasks.o(.text)
    xTaskGetTickCount                        0x08008cdb   Thumb Code     6  tasks.o(.text)
    xTaskGetTickCountFromISR                 0x08008ce1   Thumb Code    16  tasks.o(.text)
    uxTaskGetNumberOfTasks                   0x08008cf1   Thumb Code     6  tasks.o(.text)
    pcTaskGetName                            0x08008cf7   Thumb Code    40  tasks.o(.text)
    vTaskPlaceOnEventList                    0x08008d1f   Thumb Code   118  tasks.o(.text)
    vTaskPlaceOnUnorderedEventList           0x08008d95   Thumb Code    88  tasks.o(.text)
    xTaskRemoveFromEventList                 0x08008ded   Thumb Code   122  tasks.o(.text)
    xTaskRemoveFromUnorderedEventList        0x08008e67   Thumb Code   142  tasks.o(.text)
    vTaskSetTimeOutState                     0x08008ef5   Thumb Code    36  tasks.o(.text)
    xTaskCheckForTimeOut                     0x08008f19   Thumb Code   124  tasks.o(.text)
    vTaskMissedYield                         0x08008f95   Thumb Code     8  tasks.o(.text)
    xTaskGetSchedulerState                   0x08008f9d   Thumb Code    24  tasks.o(.text)
    uxTaskResetEventItemValue                0x08008fb5   Thumb Code    24  tasks.o(.text)
    ulTaskNotifyTake                         0x08008fcd   Thumb Code   108  tasks.o(.text)
    xTaskNotifyWait                          0x08009039   Thumb Code   150  tasks.o(.text)
    xTaskGenericNotify                       0x080090cf   Thumb Code   272  tasks.o(.text)
    xTaskGenericNotifyFromISR                0x080091df   Thumb Code   286  tasks.o(.text)
    vTaskNotifyGiveFromISR                   0x080092fd   Thumb Code   204  tasks.o(.text)
    xTaskNotifyStateClear                    0x080093c9   Thumb Code    48  tasks.o(.text)
    pvPortMalloc                             0x080094d3   Thumb Code   262  heap_4.o(.text)
    vPortFree                                0x080095d9   Thumb Code   120  heap_4.o(.text)
    xPortGetFreeHeapSize                     0x08009651   Thumb Code     6  heap_4.o(.text)
    xPortGetMinimumEverFreeHeapSize          0x08009657   Thumb Code     6  heap_4.o(.text)
    vPortInitialiseBlocks                    0x0800965d   Thumb Code     2  heap_4.o(.text)
    pxPortInitialiseStack                    0x080096e1   Thumb Code    30  port.o(.text)
    vPortSetupTimerInterrupt                 0x080096ff   Thumb Code    26  port.o(.text)
    xPortStartScheduler                      0x08009719   Thumb Code   140  port.o(.text)
    vPortEndScheduler                        0x080097a5   Thumb Code    34  port.o(.text)
    vPortEnterCritical                       0x080097c7   Thumb Code    70  port.o(.text)
    vPortExitCritical                        0x0800980d   Thumb Code    48  port.o(.text)
    xPortSysTickHandler                      0x0800983d   Thumb Code    48  port.o(.text)
    vPortValidateInterruptPriority           0x0800986d   Thumb Code    88  port.o(.text)
    IWDG_Init                                0x08009945   Thumb Code    36  main.o(.text)
    main                                     0x080099af   Thumb Code    52  main.o(.text)
    IWDG_Feed                                0x080099e3   Thumb Code     8  main.o(.text)
    NMI_Handler                              0x08009a25   Thumb Code     2  stm32f10x_it.o(.text)
    HardFault_Handler                        0x08009a27   Thumb Code     4  stm32f10x_it.o(.text)
    MemManage_Handler                        0x08009a2b   Thumb Code     4  stm32f10x_it.o(.text)
    BusFault_Handler                         0x08009a2f   Thumb Code     4  stm32f10x_it.o(.text)
    UsageFault_Handler                       0x08009a33   Thumb Code     4  stm32f10x_it.o(.text)
    DebugMon_Handler                         0x08009a37   Thumb Code     2  stm32f10x_it.o(.text)
    SysTick_Handler                          0x08009a39   Thumb Code    16  stm32f10x_it.o(.text)
    delay_ms                                 0x08009a49   Thumb Code    12  bsp_rtc.o(.text)
    RTC_Configuration                        0x08009a55   Thumb Code    78  bsp_rtc.o(.text)
    Time_Regulate                            0x08009aa3   Thumb Code   100  bsp_rtc.o(.text)
    RTC_Init                                 0x08009b07   Thumb Code    88  bsp_rtc.o(.text)
    Time_ConvCalendarToUnix                  0x08009b5f   Thumb Code    24  bsp_rtc.o(.text)
    TIMx_NVIC_Configuration                  0x08009b7d   Thumb Code   120  bsp_tim.o(.text)
    TIMx_Configuration                       0x08009bf5   Thumb Code   140  bsp_tim.o(.text)
    TIM2_IRQHandler                          0x08009c81   Thumb Code    22  bsp_tim.o(.text)
    TIM3_IRQHandler                          0x08009c97   Thumb Code    26  bsp_tim.o(.text)
    USART_Putc                               0x08009cbd   Thumb Code    38  bsp_uart.o(.text)
    USART_NVIC_Configuration                 0x08009ce3   Thumb Code   122  bsp_uart.o(.text)
    UART5_Configuration                      0x08009d5d   Thumb Code   138  bsp_uart.o(.text)
    UART4_Configuration                      0x08009de7   Thumb Code   142  bsp_uart.o(.text)
    UART2_Configuration                      0x08009e75   Thumb Code   138  bsp_uart.o(.text)
    USART1_Configuration                     0x08009eff   Thumb Code   136  bsp_uart.o(.text)
    USART_Configuration                      0x08009f87   Thumb Code    68  bsp_uart.o(.text)
    USART1_IRQHandler                        0x08009fcb   Thumb Code    84  bsp_uart.o(.text)
    USART2_IRQHandler                        0x0800a01f   Thumb Code   104  bsp_uart.o(.text)
    UART4_IRQHandler                         0x0800a087   Thumb Code    40  bsp_uart.o(.text)
    UART5_IRQHandler                         0x0800a0af   Thumb Code   102  bsp_uart.o(.text)
    fputc                                    0x0800a115   Thumb Code    32  bsp_uart.o(.text)
    USART_SendByte                           0x0800a135   Thumb Code    30  bsp_uart.o(.text)
    USART_SendArray                          0x0800a153   Thumb Code    34  bsp_uart.o(.text)
    bds_nmea_proc                            0x0800a439   Thumb Code   290  bds_proc.o(.text)
    bds_board_send                           0x0800a753   Thumb Code   408  bds_proc.o(.text)
    bds_Init                                 0x0800a937   Thumb Code    44  bds_proc.o(.text)
    bds_Reset                                0x0800a963   Thumb Code    18  bds_proc.o(.text)
    bds_RegHeart_Clear                       0x0800a975   Thumb Code    12  bds_proc.o(.text)
    bds_board_recv                           0x0800a981   Thumb Code   746  bds_proc.o(.text)
    bds_Heart_Inc                            0x0800ac6b   Thumb Code    70  bds_proc.o(.text)
    bds_GetRegStatus                         0x0800acb1   Thumb Code     6  bds_proc.o(.text)
    BDSTask                                  0x0800acb7   Thumb Code    82  bds_proc.o(.text)
    bds_timecnt                              0x0800ad09   Thumb Code    88  bds_proc.o(.text)
    mktime                                   0x0800ad91   Thumb Code   150  mktime.o(.text)
    __aeabi_memcpy                           0x0800ae39   Thumb Code    36  memcpya.o(.text)
    __aeabi_memcpy4                          0x0800ae39   Thumb Code     0  memcpya.o(.text)
    __aeabi_memcpy8                          0x0800ae39   Thumb Code     0  memcpya.o(.text)
    __aeabi_memset                           0x0800ae5d   Thumb Code    14  memseta.o(.text)
    __aeabi_memset4                          0x0800ae5d   Thumb Code     0  memseta.o(.text)
    __aeabi_memset8                          0x0800ae5d   Thumb Code     0  memseta.o(.text)
    __aeabi_memclr                           0x0800ae6b   Thumb Code     4  memseta.o(.text)
    __aeabi_memclr4                          0x0800ae6b   Thumb Code     0  memseta.o(.text)
    __aeabi_memclr8                          0x0800ae6b   Thumb Code     0  memseta.o(.text)
    _memset$wrapper                          0x0800ae6f   Thumb Code    18  memseta.o(.text)
    strstr                                   0x0800ae81   Thumb Code    36  strstr.o(.text)
    strncpy                                  0x0800aea5   Thumb Code    24  strncpy.o(.text)
    strchr                                   0x0800aebd   Thumb Code    20  strchr.o(.text)
    strlen                                   0x0800aed1   Thumb Code    14  strlen.o(.text)
    strcmp                                   0x0800aedf   Thumb Code    28  strcmp.o(.text)
    strpbrk                                  0x0800aefb   Thumb Code    32  strpbrk.o(.text)
    __0sscanf                                0x0800af1d   Thumb Code    48  __0sscanf.o(.text)
    _scanf_int                               0x0800af55   Thumb Code   332  _scanf_int.o(.text)
    _scanf_real                              0x0800b1c9   Thumb Code     0  scanf_fp.o(.text)
    _scanf_really_real                       0x0800b1c9   Thumb Code   556  scanf_fp.o(.text)
    strtol                                   0x0800b401   Thumb Code   112  strtol.o(.text)
    atoi                                     0x0800b471   Thumb Code    26  atoi.o(.text)
    __aeabi_dadd                             0x0800b48b   Thumb Code   322  dadd.o(.text)
    __aeabi_dsub                             0x0800b5cd   Thumb Code     6  dadd.o(.text)
    __aeabi_drsub                            0x0800b5d3   Thumb Code     6  dadd.o(.text)
    __aeabi_dmul                             0x0800b5d9   Thumb Code   228  dmul.o(.text)
    __aeabi_ddiv                             0x0800b6bd   Thumb Code   222  ddiv.o(.text)
    __aeabi_i2d                              0x0800b79b   Thumb Code    34  dflti.o(.text)
    __aeabi_d2iz                             0x0800b7bd   Thumb Code    62  dfixi.o(.text)
    __aeabi_uidiv                            0x0800b7fb   Thumb Code     0  uidiv.o(.text)
    __aeabi_uidivmod                         0x0800b7fb   Thumb Code    44  uidiv.o(.text)
    __aeabi_uldivmod                         0x0800b827   Thumb Code    98  uldiv.o(.text)
    __aeabi_llsl                             0x0800b889   Thumb Code    30  llshl.o(.text)
    _ll_shift_l                              0x0800b889   Thumb Code     0  llshl.o(.text)
    __aeabi_llsr                             0x0800b8a7   Thumb Code    32  llushr.o(.text)
    _ll_ushift_r                             0x0800b8a7   Thumb Code     0  llushr.o(.text)
    __aeabi_lasr                             0x0800b8c7   Thumb Code    36  llsshr.o(.text)
    _ll_sshift_r                             0x0800b8c7   Thumb Code     0  llsshr.o(.text)
    __rt_ctype_table                         0x0800b8ed   Thumb Code     4  ctype_o.o(.text)
    isspace                                  0x0800b8f5   Thumb Code    18  isspace_o.o(.text)
    localtime                                0x0800b909   Thumb Code     6  localtime_w.o(.text)
    _localtime                               0x0800b915   Thumb Code   134  localtime_i.o(.text)
    _chval                                   0x0800b9a1   Thumb Code    28  _chval.o(.text)
    __vfscanf_char                           0x0800b9c9   Thumb Code    20  scanf_char.o(.text)
    _sgetc                                   0x0800b9e5   Thumb Code    30  _sgetc.o(.text)
    _sbackspace                              0x0800ba03   Thumb Code    34  _sgetc.o(.text)
    _strtoul                                 0x0800ba25   Thumb Code   158  _strtoul.o(.text)
    __strtod_int                             0x0800bafb   Thumb Code    90  strtod.o(.text)
    __I$use$fp                               0x0800bb61   Thumb Code     0  iusefp.o(.text)
    _double_round                            0x0800bb61   Thumb Code    30  depilogue.o(.text)
    _double_epilogue                         0x0800bb7f   Thumb Code   156  depilogue.o(.text)
    __aeabi_ul2d                             0x0800bc1b   Thumb Code    24  dfltul.o(.text)
    __aeabi_d2ulz                            0x0800bc33   Thumb Code    48  dfixul.o(.text)
    __aeabi_cdrcmple                         0x0800bc65   Thumb Code    48  cdrcmple.o(.text)
    __aeabi_d2f                              0x0800bc95   Thumb Code    56  d2f.o(.text)
    __scatterload                            0x0800bccd   Thumb Code    28  init.o(.text)
    __scatterload_rt2                        0x0800bccd   Thumb Code     0  init.o(.text)
    __vfscanf                                0x0800bcf1   Thumb Code   808  _scanf.o(.text)
    _float_round                             0x0800c01d   Thumb Code    18  fepilogue.o(.text)
    _float_epilogue                          0x0800c02f   Thumb Code    92  fepilogue.o(.text)
    __0printf                                0x0800c08d   Thumb Code    22  printfa.o(i.__0printf)
    __1printf                                0x0800c08d   Thumb Code     0  printfa.o(i.__0printf)
    __2printf                                0x0800c08d   Thumb Code     0  printfa.o(i.__0printf)
    __c89printf                              0x0800c08d   Thumb Code     0  printfa.o(i.__0printf)
    printf                                   0x0800c08d   Thumb Code     0  printfa.o(i.__0printf)
    __0snprintf                              0x0800c0ad   Thumb Code    44  printfa.o(i.__0snprintf)
    __1snprintf                              0x0800c0ad   Thumb Code     0  printfa.o(i.__0snprintf)
    __2snprintf                              0x0800c0ad   Thumb Code     0  printfa.o(i.__0snprintf)
    __c89snprintf                            0x0800c0ad   Thumb Code     0  printfa.o(i.__0snprintf)
    snprintf                                 0x0800c0ad   Thumb Code     0  printfa.o(i.__0snprintf)
    __aeabi_errno_addr                       0x0800c0dd   Thumb Code     4  errno.o(i.__aeabi_errno_addr)
    __rt_errno_addr                          0x0800c0dd   Thumb Code     0  errno.o(i.__aeabi_errno_addr)
    __read_errno                             0x0800c0e5   Thumb Code     6  errno.o(i.__read_errno)
    __scatterload_copy                       0x0800c0f1   Thumb Code    14  handlers.o(i.__scatterload_copy)
    __scatterload_null                       0x0800c0ff   Thumb Code     2  handlers.o(i.__scatterload_null)
    __scatterload_zeroinit                   0x0800c101   Thumb Code    14  handlers.o(i.__scatterload_zeroinit)
    __set_errno                              0x0800c111   Thumb Code     6  errno.o(i.__set_errno)
    _is_digit                                0x0800c2a1   Thumb Code    14  scanf_fp.o(i._is_digit)
    atof                                     0x0800c9f5   Thumb Code    42  atof.o(i.atof)
    __ctype_table                            0x0800ca2a   Data         129  ctype_o.o(.constdata)
    Region$$Table$$Base                      0x0800cb94   Number         0  anon$$obj.o(Region$$Table)
    Region$$Table$$Limit                     0x0800cbb4   Number         0  anon$$obj.o(Region$$Table)
    McuVersion                               0x0800cfef   Data          20  main.o(.ARM.__AT_0x0800CFEF)
    SystemCoreClock                          0x20000000   Data           4  system_stm32f10x.o(.data)
    AHBPrescTable                            0x20000004   Data          16  system_stm32f10x.o(.data)
    pxCurrentTCB                             0x20000028   Data           4  tasks.o(.data)
    Rx1couter                                0x20000090   Data           2  bsp_uart.o(.data)
    Rx2couter                                0x20000092   Data           2  bsp_uart.o(.data)
    bds_rx_timeout                           0x20000094   Data           2  bds_proc.o(.data)
    bds_rx_active_buf                        0x20000096   Data           1  bds_proc.o(.data)
    bds_rx_len                               0x20000098   Data           4  bds_proc.o(.data)
    bds_board_timeout                        0x2000009c   Data           2  bds_proc.o(.data)
    bds_ModReg                               0x2000009e   Data           1  bds_proc.o(.data)
    bds_RegHeartCnt                          0x200000a0   Data           4  bds_proc.o(.data)
    bds_RegFailNum                           0x200000a4   Data           2  bds_proc.o(.data)
    bds_SenTime                              0x200000a8   Data           4  bds_proc.o(.data)
    bds_report_interval                      0x200000ac   Data           4  bds_proc.o(.data)
    bds_query_flag                           0x200000b0   Data           1  bds_proc.o(.data)
    __stdout                                 0x200000bc   Data           4  stdout.o(.data)
    bds_rx_buff                              0x200093a8   Data        2048  bds_proc.o(.bss)
    bds_board_buff                           0x20009ba8   Data         256  bds_proc.o(.bss)
    g_BdsInfo                                0x20009ca8   Data          80  bds_proc.o(.bss)
    __initial_sp                             0x2000a528   Data           0  startup_stm32f10x_hd.o(STACK)



==============================================================================

Memory Map of the image

  Image Entry point : 0x08006131

  Load Region LR_IROM1 (Base: 0x08006000, Size: 0x000070c8, Max: 0x0007a000, ABSOLUTE)

    Execution Region ER_IROM1 (Exec base: 0x08006000, Load base: 0x08006000, Size: 0x00007004, Max: 0x0007a000, ABSOLUTE)

    Exec Addr    Load Addr    Size         Type   Attr      Idx    E Section Name        Object

    0x08006000   0x08006000   0x00000130   Data   RO          398    RESET               startup_stm32f10x_hd.o
    0x08006130   0x08006130   0x00000000   Code   RO          850  * .ARM.Collect$$$$00000000  mc_w.l(entry.o)
    0x08006130   0x08006130   0x00000004   Code   RO         1161    .ARM.Collect$$$$00000001  mc_w.l(entry2.o)
    0x08006134   0x08006134   0x00000004   Code   RO         1164    .ARM.Collect$$$$00000004  mc_w.l(entry5.o)
    0x08006138   0x08006138   0x00000000   Code   RO         1166    .ARM.Collect$$$$00000008  mc_w.l(entry7b.o)
    0x08006138   0x08006138   0x00000000   Code   RO         1168    .ARM.Collect$$$$0000000A  mc_w.l(entry8b.o)
    0x08006138   0x08006138   0x00000008   Code   RO         1169    .ARM.Collect$$$$0000000B  mc_w.l(entry9a.o)
    0x08006140   0x08006140   0x00000000   Code   RO         1171    .ARM.Collect$$$$0000000D  mc_w.l(entry10a.o)
    0x08006140   0x08006140   0x00000000   Code   RO         1173    .ARM.Collect$$$$0000000F  mc_w.l(entry11a.o)
    0x08006140   0x08006140   0x00000004   Code   RO         1162    .ARM.Collect$$$$00002712  mc_w.l(entry2.o)
    0x08006144   0x08006144   0x00000096   Code   RO          574    .emb_text           port.o
    0x080061da   0x080061da   0x00000002   PAD
    0x080061dc   0x080061dc   0x000001ac   Code   RO           17    .text               system_stm32f10x.o
    0x08006388   0x08006388   0x000000dc   Code   RO          114    .text               misc.o
    0x08006464   0x08006464   0x0000035c   Code   RO          262    .text               stm32f10x_gpio.o
    0x080067c0   0x080067c0   0x00000040   Code   RO          286    .text               stm32f10x_iwdg.o
    0x08006800   0x08006800   0x000000cc   Code   RO          298    .text               stm32f10x_pwr.o
    0x080068cc   0x080068cc   0x000003a4   Code   RO          310    .text               stm32f10x_rcc.o
    0x08006c70   0x08006c70   0x00000148   Code   RO          324    .text               stm32f10x_rtc.o
    0x08006db8   0x08006db8   0x00000e1a   Code   RO          360    .text               stm32f10x_tim.o
    0x08007bd2   0x08007bd2   0x00000002   PAD
    0x08007bd4   0x08007bd4   0x00000408   Code   RO          372    .text               stm32f10x_usart.o
    0x08007fdc   0x08007fdc   0x00000024   Code   RO          399    .text               startup_stm32f10x_hd.o
    0x08008000   0x08008000   0x00000094   Code   RO          489    .text               list.o
    0x08008094   0x08008094   0x0000137c   Code   RO          522    .text               tasks.o
    0x08009410   0x08009410   0x000002a0   Code   RO          559    .text               heap_4.o
    0x080096b0   0x080096b0   0x00000268   Code   RO          575    .text               port.o
    0x08009918   0x08009918   0x0000010c   Code   RO          604    .text               main.o
    0x08009a24   0x08009a24   0x00000024   Code   RO          668    .text               stm32f10x_it.o
    0x08009a48   0x08009a48   0x00000134   Code   RO          683    .text               bsp_rtc.o
    0x08009b7c   0x08009b7c   0x00000140   Code   RO          728    .text               bsp_tim.o
    0x08009cbc   0x08009cbc   0x000004c0   Code   RO          744    .text               bsp_uart.o
    0x0800a17c   0x0800a17c   0x00000c14   Code   RO          826    .text               bds_proc.o
    0x0800ad90   0x0800ad90   0x000000a8   Code   RO          857    .text               mc_w.l(mktime.o)
    0x0800ae38   0x0800ae38   0x00000024   Code   RO          860    .text               mc_w.l(memcpya.o)
    0x0800ae5c   0x0800ae5c   0x00000024   Code   RO          862    .text               mc_w.l(memseta.o)
    0x0800ae80   0x0800ae80   0x00000024   Code   RO          864    .text               mc_w.l(strstr.o)
    0x0800aea4   0x0800aea4   0x00000018   Code   RO          866    .text               mc_w.l(strncpy.o)
    0x0800aebc   0x0800aebc   0x00000014   Code   RO          868    .text               mc_w.l(strchr.o)
    0x0800aed0   0x0800aed0   0x0000000e   Code   RO          870    .text               mc_w.l(strlen.o)
    0x0800aede   0x0800aede   0x0000001c   Code   RO          872    .text               mc_w.l(strcmp.o)
    0x0800aefa   0x0800aefa   0x00000020   Code   RO          874    .text               mc_w.l(strpbrk.o)
    0x0800af1a   0x0800af1a   0x00000002   PAD
    0x0800af1c   0x0800af1c   0x00000038   Code   RO         1139    .text               mc_w.l(__0sscanf.o)
    0x0800af54   0x0800af54   0x0000014c   Code   RO         1141    .text               mc_w.l(_scanf_int.o)
    0x0800b0a0   0x0800b0a0   0x00000360   Code   RO         1143    .text               mc_w.l(scanf_fp.o)
    0x0800b400   0x0800b400   0x00000070   Code   RO         1147    .text               mc_w.l(strtol.o)
    0x0800b470   0x0800b470   0x0000001a   Code   RO         1149    .text               mc_w.l(atoi.o)
    0x0800b48a   0x0800b48a   0x0000014e   Code   RO         1151    .text               mf_w.l(dadd.o)
    0x0800b5d8   0x0800b5d8   0x000000e4   Code   RO         1153    .text               mf_w.l(dmul.o)
    0x0800b6bc   0x0800b6bc   0x000000de   Code   RO         1155    .text               mf_w.l(ddiv.o)
    0x0800b79a   0x0800b79a   0x00000022   Code   RO         1157    .text               mf_w.l(dflti.o)
    0x0800b7bc   0x0800b7bc   0x0000003e   Code   RO         1159    .text               mf_w.l(dfixi.o)
    0x0800b7fa   0x0800b7fa   0x0000002c   Code   RO         1176    .text               mc_w.l(uidiv.o)
    0x0800b826   0x0800b826   0x00000062   Code   RO         1178    .text               mc_w.l(uldiv.o)
    0x0800b888   0x0800b888   0x0000001e   Code   RO         1180    .text               mc_w.l(llshl.o)
    0x0800b8a6   0x0800b8a6   0x00000020   Code   RO         1182    .text               mc_w.l(llushr.o)
    0x0800b8c6   0x0800b8c6   0x00000024   Code   RO         1184    .text               mc_w.l(llsshr.o)
    0x0800b8ea   0x0800b8ea   0x00000002   PAD
    0x0800b8ec   0x0800b8ec   0x00000008   Code   RO         1186    .text               mc_w.l(ctype_o.o)
    0x0800b8f4   0x0800b8f4   0x00000012   Code   RO         1208    .text               mc_w.l(isspace_o.o)
    0x0800b906   0x0800b906   0x00000002   PAD
    0x0800b908   0x0800b908   0x0000000c   Code   RO         1214    .text               mc_w.l(localtime_w.o)
    0x0800b914   0x0800b914   0x0000008c   Code   RO         1217    .text               mc_w.l(localtime_i.o)
    0x0800b9a0   0x0800b9a0   0x0000001c   Code   RO         1227    .text               mc_w.l(_chval.o)
    0x0800b9bc   0x0800b9bc   0x00000028   Code   RO         1229    .text               mc_w.l(scanf_char.o)
    0x0800b9e4   0x0800b9e4   0x00000040   Code   RO         1231    .text               mc_w.l(_sgetc.o)
    0x0800ba24   0x0800ba24   0x0000009e   Code   RO         1233    .text               mc_w.l(_strtoul.o)
    0x0800bac2   0x0800bac2   0x00000002   PAD
    0x0800bac4   0x0800bac4   0x0000009c   Code   RO         1235    .text               mc_w.l(strtod.o)
    0x0800bb60   0x0800bb60   0x00000000   Code   RO         1237    .text               mc_w.l(iusefp.o)
    0x0800bb60   0x0800bb60   0x000000ba   Code   RO         1238    .text               mf_w.l(depilogue.o)
    0x0800bc1a   0x0800bc1a   0x00000018   Code   RO         1240    .text               mf_w.l(dfltul.o)
    0x0800bc32   0x0800bc32   0x00000030   Code   RO         1242    .text               mf_w.l(dfixul.o)
    0x0800bc62   0x0800bc62   0x00000002   PAD
    0x0800bc64   0x0800bc64   0x00000030   Code   RO         1244    .text               mf_w.l(cdrcmple.o)
    0x0800bc94   0x0800bc94   0x00000038   Code   RO         1246    .text               mf_w.l(d2f.o)
    0x0800bccc   0x0800bccc   0x00000024   Code   RO         1248    .text               mc_w.l(init.o)
    0x0800bcf0   0x0800bcf0   0x0000032c   Code   RO         1252    .text               mc_w.l(_scanf.o)
    0x0800c01c   0x0800c01c   0x0000006e   Code   RO         1254    .text               mf_w.l(fepilogue.o)
    0x0800c08a   0x0800c08a   0x00000002   PAD
    0x0800c08c   0x0800c08c   0x00000020   Code   RO         1111    i.__0printf         mc_w.l(printfa.o)
    0x0800c0ac   0x0800c0ac   0x00000030   Code   RO         1112    i.__0snprintf       mc_w.l(printfa.o)
    0x0800c0dc   0x0800c0dc   0x00000008   Code   RO         1220    i.__aeabi_errno_addr  mc_w.l(errno.o)
    0x0800c0e4   0x0800c0e4   0x0000000c   Code   RO         1221    i.__read_errno      mc_w.l(errno.o)
    0x0800c0f0   0x0800c0f0   0x0000000e   Code   RO         1261    i.__scatterload_copy  mc_w.l(handlers.o)
    0x0800c0fe   0x0800c0fe   0x00000002   Code   RO         1262    i.__scatterload_null  mc_w.l(handlers.o)
    0x0800c100   0x0800c100   0x0000000e   Code   RO         1263    i.__scatterload_zeroinit  mc_w.l(handlers.o)
    0x0800c10e   0x0800c10e   0x00000002   PAD
    0x0800c110   0x0800c110   0x0000000c   Code   RO         1222    i.__set_errno       mc_w.l(errno.o)
    0x0800c11c   0x0800c11c   0x00000184   Code   RO         1118    i._fp_digits        mc_w.l(printfa.o)
    0x0800c2a0   0x0800c2a0   0x0000000e   Code   RO         1145    i._is_digit         mc_w.l(scanf_fp.o)
    0x0800c2ae   0x0800c2ae   0x00000002   PAD
    0x0800c2b0   0x0800c2b0   0x000006dc   Code   RO         1119    i._printf_core      mc_w.l(printfa.o)
    0x0800c98c   0x0800c98c   0x00000024   Code   RO         1120    i._printf_post_padding  mc_w.l(printfa.o)
    0x0800c9b0   0x0800c9b0   0x0000002e   Code   RO         1121    i._printf_pre_padding  mc_w.l(printfa.o)
    0x0800c9de   0x0800c9de   0x00000016   Code   RO         1122    i._snputc           mc_w.l(printfa.o)
    0x0800c9f4   0x0800c9f4   0x0000002a   Code   RO          847    i.atof              m_ws.l(atof.o)
    0x0800ca1e   0x0800ca1e   0x0000000c   Data   RO          858    .constdata          mc_w.l(mktime.o)
    0x0800ca2a   0x0800ca2a   0x00000081   Data   RO         1187    .constdata          mc_w.l(ctype_o.o)
    0x0800caab   0x0800caab   0x00000001   PAD
    0x0800caac   0x0800caac   0x00000004   Data   RO         1188    .constdata          mc_w.l(ctype_o.o)
    0x0800cab0   0x0800cab0   0x0000000c   Data   RO         1218    .constdata          mc_w.l(localtime_i.o)
    0x0800cabc   0x0800cabc   0x000000d6   Data   RO          828    .conststring        bds_proc.o
    0x0800cb92   0x0800cb92   0x00000002   PAD
    0x0800cb94   0x0800cb94   0x00000020   Data   RO         1259    Region$$Table       anon$$obj.o
    0x0800cbb4   0x0800cbb4   0x0000043b   PAD
    0x0800cfef   0x0800cfef   0x00000014   Data   RO          605    .ARM.__AT_0x0800CFEF  main.o


    Execution Region RW_IRAM1 (Exec base: 0x20000000, Load base: 0x0800d004, Size: 0x0000a528, Max: 0x00010000, ABSOLUTE)

    Exec Addr    Load Addr    Size         Type   Attr      Idx    E Section Name        Object

    0x20000000   0x0800d004   0x00000014   Data   RW           18    .data               system_stm32f10x.o
    0x20000014   0x0800d018   0x00000014   Data   RW          311    .data               stm32f10x_rcc.o
    0x20000028   0x0800d02c   0x0000003c   Data   RW          524    .data               tasks.o
    0x20000064   0x0800d068   0x00000018   Data   RW          561    .data               heap_4.o
    0x2000007c   0x0800d080   0x0000000c   Data   RW          576    .data               port.o
    0x20000088   0x0800d08c   0x00000008   Data   RW          606    .data               main.o
    0x20000090   0x0800d094   0x00000004   Data   RW          745    .data               bsp_uart.o
    0x20000094   0x0800d098   0x00000027   Data   RW          829    .data               bds_proc.o
    0x200000bb   0x0800d0bf   0x00000001   PAD
    0x200000bc   0x0800d0c0   0x00000004   Data   RW         1175    .data               mc_w.l(stdout.o)
    0x200000c0   0x0800d0c4   0x00000004   Data   RW         1223    .data               mc_w.l(errno.o)
    0x200000c4        -       0x000002e4   Zero   RW          523    .bss                tasks.o
    0x200003a8        -       0x00009000   Zero   RW          560    .bss                heap_4.o
    0x200093a8        -       0x00000d50   Zero   RW          827    .bss                bds_proc.o
    0x2000a0f8        -       0x0000002c   Zero   RW         1215    .bss                mc_w.l(localtime_w.o)
    0x2000a124   0x0800d0c8   0x00000004   PAD
    0x2000a128        -       0x00000400   Zero   RW          396    STACK               startup_stm32f10x_hd.o


==============================================================================

Image component sizes


      Code (inc. data)   RO Data    RW Data    ZI Data      Debug   Object Name

      3092        408        214         39       3408      10357   bds_proc.o
       308          6          0          0          0       2540   bsp_rtc.o
       320         12          0          0          0       1689   bsp_tim.o
      1216         68          0          4          0       6136   bsp_uart.o
         0          0          0          0          0       4532   core_cm3.o
         0          0          0          0          0      10116   croutine.o
         0          0          0          0          0       1468   event_groups.o
       672         82          0         24      36864       3332   heap_4.o
       148          0          0          0          0       1898   list.o
       268         58         20          8          0       1892   main.o
       220         22          0          0          0       1853   misc.o
       766         96          0         12          0       7783   port.o
        36          8        304          0       1024        848   startup_stm32f10x_hd.o
       860         38          0          0          0       5781   stm32f10x_gpio.o
        36          0          0          0          0       1135   stm32f10x_it.o
        64          6          0          0          0       1301   stm32f10x_iwdg.o
       204         14          0          0          0       1975   stm32f10x_pwr.o
       932         36          0         20          0       8980   stm32f10x_rcc.o
       328          4          0          0          0       2750   stm32f10x_rtc.o
      3610         88          0          0          0      22892   stm32f10x_tim.o
      1032         22          0          0          0       8512   stm32f10x_usart.o
       428         42          0         20          0     250459   system_stm32f10x.o
      4988        338          0         60        740      27872   tasks.o

    ----------------------------------------------------------------------
     19532       1348       1656        188      42036     386101   Object Totals
         0          0         32          0          0          0   (incl. Generated)
         4          0       1086          1          0          0   (incl. Padding)

    ----------------------------------------------------------------------

      Code (inc. data)   RO Data    RW Data    ZI Data      Debug   Library Member Name

        42          0          0          0          0         84   atof.o
        56          8          0          0          0         84   __0sscanf.o
        28          0          0          0          0         68   _chval.o
       812          4          0          0          0        112   _scanf.o
       332          0          0          0          0         96   _scanf_int.o
        64          0          0          0          0         84   _sgetc.o
       158          0          0          0          0         92   _strtoul.o
        26          0          0          0          0         80   atoi.o
         8          4        133          0          0         68   ctype_o.o
         0          0          0          0          0          0   entry.o
         0          0          0          0          0          0   entry10a.o
         0          0          0          0          0          0   entry11a.o
         8          4          0          0          0          0   entry2.o
         4          0          0          0          0          0   entry5.o
         0          0          0          0          0          0   entry7b.o
         0          0          0          0          0          0   entry8b.o
         8          4          0          0          0          0   entry9a.o
        32         16          0          4          0        204   errno.o
        30          0          0          0          0          0   handlers.o
        36          8          0          0          0         68   init.o
        18          0          0          0          0         76   isspace_o.o
         0          0          0          0          0          0   iusefp.o
        30          0          0          0          0         68   llshl.o
        36          0          0          0          0         68   llsshr.o
        32          0          0          0          0         68   llushr.o
       140          6         12          0          0         76   localtime_i.o
        12          6          0          0         44         68   localtime_w.o
        36          0          0          0          0         68   memcpya.o
        36          0          0          0          0        108   memseta.o
       168         18         12          0          0         80   mktime.o
      2328         94          0          0          0        604   printfa.o
        40          8          0          0          0         84   scanf_char.o
       878         12          0          0          0        216   scanf_fp.o
         0          0          0          4          0          0   stdout.o
        20          0          0          0          0         68   strchr.o
        28          0          0          0          0         76   strcmp.o
        14          0          0          0          0         68   strlen.o
        24          0          0          0          0         76   strncpy.o
        32          0          0          0          0         76   strpbrk.o
        36          0          0          0          0         80   strstr.o
       156         12          0          0          0        120   strtod.o
       112          0          0          0          0         88   strtol.o
        44          0          0          0          0         80   uidiv.o
        98          0          0          0          0         92   uldiv.o
        48          0          0          0          0         68   cdrcmple.o
        56          0          0          0          0         88   d2f.o
       334          0          0          0          0        148   dadd.o
       222          0          0          0          0        100   ddiv.o
       186          0          0          0          0        176   depilogue.o
        62          0          0          0          0         80   dfixi.o
        48          0          0          0          0         68   dfixul.o
        34          0          0          0          0         76   dflti.o
        24          0          0          0          0         76   dfltul.o
       228          0          0          0          0         96   dmul.o
       110          0          0          0          0        168   fepilogue.o

    ----------------------------------------------------------------------
      7330        204        158          8         48       4592   Library Totals
        16          0          1          0          4          0   (incl. Padding)

    ----------------------------------------------------------------------

      Code (inc. data)   RO Data    RW Data    ZI Data      Debug   Library Name

        42          0          0          0          0         84   m_ws.l
      5920        204        157          8         44       3364   mc_w.l
      1352          0          0          0          0       1144   mf_w.l

    ----------------------------------------------------------------------
      7330        204        158          8         48       4592   Library Totals

    ----------------------------------------------------------------------

==============================================================================


      Code (inc. data)   RO Data    RW Data    ZI Data      Debug   

     26862       1552       1814        196      42084     386061   Grand Totals
     26862       1552       1814        196      42084     386061   ELF Image Totals
     26862       1552       1814        196          0          0   ROM Totals

==============================================================================

    Total RO  Size (Code + RO Data)                28676 (  28.00kB)
    Total RW  Size (RW Data + ZI Data)             42280 (  41.29kB)
    Total ROM Size (Code + RO Data + RW Data)      28872 (  28.20kB)

==============================================================================

